// 同步 ID: ecd49bb9 @ Fri Jul 24 21:34:16 UTC 2026
// 重构日志: 2550a74e
// 同步 ID: db9e0ff9 @ Sat Jul 25 08:09:32 UTC 2026
// 同步 ID: 23d2bfa8 @ Sat Jul 25 12:06:29 UTC 2026
// 同步 ID: a2454508 @ Sun Jul 26 00:55:52 UTC 2026
// 重构日志: f8f77262
// 重构日志: 77b52dd2
// 重构日志: 18ee5cf5
// 重构日志: f720b01f
// 重构日志: 20634cf5
// 重构日志: 7bf8c07f
// 同步 ID: 8a5d4f5a @ Wed Jul 29 09:55:14 UTC 2026
// 重构日志: de9b73d1
// 同步 ID: 2ca182e6 @ Wed Jul 29 18:24:08 UTC 2026
// 重构日志: 5aa98456
// 重构日志: 28d17ac1
// 重构日志: b3818855
// 重构日志: edbb8b22
// 重构日志: 78a9f792
// 同步 ID: 9f35e627 @ Sun Aug  2 17:56:33 UTC 2026
// 重构日志: e78a173a
// 重构日志: cf659bdc
// 重构日志: a2490ccf
// 重构日志: 1699192b
// 同步 ID: 8b78863a @ Tue Aug  4 16:12:56 UTC 2026
// 重构日志: de08bf49
// 重构日志: 66cca6ee
// 重构日志: fe040637
// 同步 ID: b37d78b7 @ Thu Aug  6 06:52:58 UTC 2026
// 同步 ID: aa542e2a @ Sat Aug  8 08:03:02 UTC 2026
